 CT-Excitation (data dir: core/)
 Basis:6-311++G and Mol: C2h4-C2F4
 GRID SPACING  0.29999999999999999     
 il and nco(il)           0           1
 il and nco(il)           1           3
 il and nco(il)           2           6
 il and nco(il)           3          10
 il and ncoset(il)           0           1
 il and ncoset(il)           1           4
 il and ncoset(il)           2          10
 il and ncoset(il)           3          20
 lx, ly, lz            0           0           0
 co(lx ly lz)           1
 coset(lx ly lz)           1
 lx, ly, lz            0           0           1
 co(lx ly lz)           3
 coset(lx ly lz)           4
 lx, ly, lz            0           0           2
 co(lx ly lz)           3
 coset(lx ly lz)           7
 lx, ly, lz            0           0           3
 co(lx ly lz)           3
 coset(lx ly lz)          13
 lx, ly, lz            0           1           0
 co(lx ly lz)           2
 coset(lx ly lz)           3
 lx, ly, lz            0           1           1
 co(lx ly lz)           6
 coset(lx ly lz)          10
 lx, ly, lz            0           1           2
 co(lx ly lz)           9
 coset(lx ly lz)          19
 lx, ly, lz            0           2           0
 co(lx ly lz)           2
 coset(lx ly lz)           6
 lx, ly, lz            0           2           1
 co(lx ly lz)           7
 coset(lx ly lz)          17
 lx, ly, lz            0           3           0
 co(lx ly lz)           2
 coset(lx ly lz)          12
 lx, ly, lz            1           0           0
 co(lx ly lz)           1
 coset(lx ly lz)           2
 lx, ly, lz            1           0           1
 co(lx ly lz)           5
 coset(lx ly lz)           9
 lx, ly, lz            1           0           2
 co(lx ly lz)           8
 coset(lx ly lz)          18
 lx, ly, lz            1           1           0
 co(lx ly lz)           4
 coset(lx ly lz)           8
 lx, ly, lz            1           1           1
 co(lx ly lz)          10
 coset(lx ly lz)          20
 lx, ly, lz            1           2           0
 co(lx ly lz)           6
 coset(lx ly lz)          16
 lx, ly, lz            2           0           0
 co(lx ly lz)           1
 coset(lx ly lz)           5
 lx, ly, lz            2           0           1
 co(lx ly lz)           5
 coset(lx ly lz)          15
 lx, ly, lz            2           1           0
 co(lx ly lz)           4
 coset(lx ly lz)          14
 lx, ly, lz            3           0           0
 co(lx ly lz)           1
 coset(lx ly lz)          11
 tot. cont. =          210
 N_x=          80 N_y=          80 N_z=          80
 ground state energy =   -115.70128991000000     
 first lowest triplet state energy =   -105.07457383000001     
 osc str in au=  -7.4879634053116872E-003 singlet-excitation energy in ev=   289.37339045340462     
 Kif in ev=  0.20981920052478459     
 triplet-excitation energy in ev=   289.16357125287982     
 il and nco(il)           0           1
 il and nco(il)           1           3
 il and nco(il)           2           6
 il and nco(il)           3          10
 il and ncoset(il)           0           1
 il and ncoset(il)           1           4
 il and ncoset(il)           2          10
 il and ncoset(il)           3          20
 lx, ly, lz            0           0           0
 co(lx ly lz)           1
 coset(lx ly lz)           1
 lx, ly, lz            0           0           1
 co(lx ly lz)           3
 coset(lx ly lz)           4
 lx, ly, lz            0           0           2
 co(lx ly lz)           3
 coset(lx ly lz)           7
 lx, ly, lz            0           0           3
 co(lx ly lz)           3
 coset(lx ly lz)          13
 lx, ly, lz            0           1           0
 co(lx ly lz)           2
 coset(lx ly lz)           3
 lx, ly, lz            0           1           1
 co(lx ly lz)           6
 coset(lx ly lz)          10
 lx, ly, lz            0           1           2
 co(lx ly lz)           9
 coset(lx ly lz)          19
 lx, ly, lz            0           2           0
 co(lx ly lz)           2
 coset(lx ly lz)           6
 lx, ly, lz            0           2           1
 co(lx ly lz)           7
 coset(lx ly lz)          17
 lx, ly, lz            0           3           0
 co(lx ly lz)           2
 coset(lx ly lz)          12
 lx, ly, lz            1           0           0
 co(lx ly lz)           1
 coset(lx ly lz)           2
 lx, ly, lz            1           0           1
 co(lx ly lz)           5
 coset(lx ly lz)           9
 lx, ly, lz            1           0           2
 co(lx ly lz)           8
 coset(lx ly lz)          18
 lx, ly, lz            1           1           0
 co(lx ly lz)           4
 coset(lx ly lz)           8
 lx, ly, lz            1           1           1
 co(lx ly lz)          10
 coset(lx ly lz)          20
 lx, ly, lz            1           2           0
 co(lx ly lz)           6
 coset(lx ly lz)          16
 lx, ly, lz            2           0           0
 co(lx ly lz)           1
 coset(lx ly lz)           5
 lx, ly, lz            2           0           1
 co(lx ly lz)           5
 coset(lx ly lz)          15
 lx, ly, lz            2           1           0
 co(lx ly lz)           4
 coset(lx ly lz)          14
 lx, ly, lz            3           0           0
 co(lx ly lz)           1
 coset(lx ly lz)          11
 tot. cont. =          210
 N_x=          84 N_y=          84 N_z=          84
 ground state energy =   -115.70128991000000     
 first lowest triplet state energy =   -105.07457383000001     
 osc str in au=  -7.4879578809761817E-003 singlet-excitation energy in ev=   289.37316025413287     
 Kif in ev=  0.20958900125306193     
 triplet-excitation energy in ev=   289.16357125287982     
 *************************************************
 ----------------------------------
 job is completed successfully
